// Vitest Snapshot v1, https://vitest.dev/guide/snapshot.html

exports[`App.vue > matches snapshot 1`] = `
<div>
  <div
    class="h-full"
  >
    <img
      alt="Glee Image"
      class="w-full h-full object-cover relative"
      loading="lazy"
      src="https://static.tvmaze.com/uploads/images/original_untouched/0/73.jpg"
    />
  </div>
</div>
`;

exports[`AppImage.vue > matches snapshot 1`] = `
<div>
  <div
    class="h-full"
  >
    <img
      alt="Glee Image"
      class="w-full h-full object-cover relative"
      loading="lazy"
      src="https://static.tvmaze.com/uploads/images/original_untouched/0/73.jpg"
    />
  </div>
</div>
`;

exports[`HomeView.vue > matches snapshot 1`] = `
<div>
  <div
    class="h-full"
  >
    <img
      alt="Glee Image"
      class="w-full h-full object-cover relative"
      loading="lazy"
      src="https://static.tvmaze.com/uploads/images/original_untouched/0/73.jpg"
    />
  </div>
</div>
`;
