// Vitest Snapshot v1, https://vitest.dev/guide/snapshot.html

exports[`\`.vue > matches snapshot 1`] = `
<div>
  <div
    class="flex flex-col items-center justify-center mt-24"
    data-v-8ec46d9a=""
  >
    <div
      class="w-16 h-16 border-4 border-gray-400 rounded-full animate-spinner bg-white mx-auto"
      data-testid="app-loader"
      data-v-8ec46d9a=""
    />
    <p
      class="text-center mt-4"
      data-testid="loading-message"
      data-v-8ec46d9a=""
    >
      Loading...
    </p>
  </div>
</div>
`;

exports[`AppLoader.vue > matches snapshot 1`] = `
<div>
  <div
    class="flex flex-col items-center justify-center mt-24"
    data-v-8ec46d9a=""
  >
    <div
      class="w-16 h-16 border-4 border-gray-400 rounded-full animate-spinner bg-white mx-auto"
      data-testid="app-loader"
      data-v-8ec46d9a=""
    />
    <p
      class="text-center mt-4"
      data-testid="loading-message"
      data-v-8ec46d9a=""
    >
      Loading...
    </p>
  </div>
</div>
`;

exports[`HomeView.vue > matches snapshot 1`] = `
<div>
  <div
    class="flex flex-col items-center justify-center mt-24"
    data-v-8ec46d9a=""
  >
    <div
      class="w-16 h-16 border-4 border-gray-400 rounded-full animate-spinner bg-white mx-auto"
      data-testid="app-loader"
      data-v-8ec46d9a=""
    />
    <p
      class="text-center mt-4"
      data-testid="loading-message"
      data-v-8ec46d9a=""
    >
      Loading...
    </p>
  </div>
</div>
`;
