// Vitest Snapshot v1, https://vitest.dev/guide/snapshot.html

exports[`SearchInput.vue > matches snapshot 1`] = `
<div>
  <div
    class="flex align-center gap-6 rounded-md border-transparent px-4 py-2 md:w-[60%] max-w-full bg-gray-100 width-full"
    role="search"
  >
    
    <div
      class="w-8 h-8 flex-none basis-5"
      data-testid="search-icon"
    />
    
    <input
      aria-label="Search shows"
      autocomplete="off"
      class="border-none outline-none bg-transparent w-full text-base text-gray-900 p-0 leading-none"
      name="search-input"
      placeholder="Search for TV shows..."
      type="search"
      value=""
    />
  </div>
</div>
`;
